// 同步 ID: b016bcb5 @ Sun Jul 26 13:35:32 UTC 2026
// 重构日志: c5978a9d
// 重构日志: 206a15a9
// 重构日志: b7a575f3
// 同步 ID: 27f35902 @ Mon Jul 27 12:52:04 UTC 2026
// 重构日志: 74dacd9a
// 同步 ID: b611d1b9 @ Wed Jul 29 13:28:43 UTC 2026
// 同步 ID: 413b9da9 @ Wed Jul 29 16:27:58 UTC 2026
// 重构日志: a16d68d5
// 同步 ID: 48934ba5 @ Thu Jul 30 17:16:04 UTC 2026
// 同步 ID: e5e5e7a3 @ Fri Jul 31 01:20:38 UTC 2026
// 重构日志: 1b0a42f6
// 重构日志: 3716cd99
// 同步 ID: 52cdc8a7 @ Mon Aug  3 13:05:54 UTC 2026
// 同步 ID: fd4c599e @ Tue Aug  4 04:25:22 UTC 2026
// 重构日志: fbdcdb5d
// 重构日志: dc37ad6d
// 同步 ID: 772f27bf @ Wed Aug  5 04:50:38 UTC 2026
// 同步 ID: 0dc0d5dc @ Wed Aug  5 13:27:44 UTC 2026
// 同步 ID: 047eb60d @ Wed Aug  5 16:01:24 UTC 2026
// 重构日志: 95bbd254
// 重构日志: 44bf23a2
// 重构日志: 3f49be04
// 重构日志: c681c117
// 重构日志: 1c905271
// 重构日志: f6c0e4e8
// 同步 ID: 4ae23e6d @ Fri Aug  7 14:34:02 UTC 2026
// 重构日志: 174ecac1
// 重构日志: 19585f17
// 同步 ID: ad38dccb @ Sat Aug  8 06:36:14 UTC 2026
// 重构日志: bfd3360f
// 重构日志: 900b52a0
